/tmp/tmp.KVuRtQo0xl ~/workspace/SolarCellResearch
Using TensorFlow backend.
Genetically searching for best layer structure...
  Training on:     datasets/N7dataset10k.mat
  Evaluating with: datasets/N7dataset100k.mat
Gen 0 Train time: 16.792684551080068 minutes:
 Average MSE:        0.574126441254036
 Average Error:      0.9974461287976518
 Structure           |Error               |MSE                 |weights&biases
 [20, 2, 0, 0, 0]    |0.21988657056779468 |0.16912055859428105 |105       
 [2, 8, 13, 4, 9]    |3.564730415493661   |1.8702805217175953  |258       
 [18, 15, 1, 6, 0]   |0.5196569287484097  |0.20400996515214498 |374       
 [12, 10, 0, 0, 0]   |0.24635927010020445 |0.15826817717259103 |177       
 [15, 19, 0, 0, 0]   |0.39526356303840754 |0.15712674781764344 |369       
 [11, 7, 0, 0, 0]    |0.24963475127225698 |0.1826366855589908  |125       
 [13, 0, 0, 0, 0]    |0.31558342203448053 |0.2764204453152777  |53        
 [1, 11, 0, 0, 0]    |3.2609410537370356  |2.972834338640989   |37        
 [12, 15, 19, 0, 0]  |0.806861843748334   |0.20147241147903747 |555       
 [5, 17, 2, 0, 0]    |2.5835937713362376  |1.749239923793839   |156       
 [13, 0, 0, 0, 0]    |0.24506158641223208 |0.21465016257519492 |53        
 [10, 0, 0, 0, 0]    |0.9793278347604818  |0.8839199050996545  |41        
 [9, 17, 4, 4, 0]    |0.47622193088357945 |0.22835101554224108 |294       
 [7, 0, 0, 0, 0]     |0.5851822976558124  |0.5442580106016305  |29        
 [19, 4, 0, 0, 0]    |0.2247355241771536  |0.15757858129857816 |142       
 [19, 13, 16, 0, 0]  |0.5485350107413547  |0.13594509726576037 |558       
 [16, 0, 0, 0, 0]    |0.23018199931942604 |0.19565840310176377 |65        
 [4, 10, 9, 18, 0]   |4.009125101967244   |1.6299886285643168  |360       
 [20, 10, 9, 0, 0]   |0.37419287808259    |0.14507797859442043 |379       
 [16, 8, 6, 17, 13]  |0.7570569298863215  |0.16682384831515915 |605       
 [13, 16, 18, 0, 0]  |0.7237721040440386  |0.1664136521869415  |588       
 [6, 9, 10, 0, 0]    |1.2010836915986438  |0.7432106405304496  |192       
 [5, 17, 4, 0, 0]    |1.4426816648978231  |0.8882550569008215  |194       
 [18, 20, 0, 0, 0]   |0.519051055105552   |0.16641792590844    |455       
 [18, 11, 15, 0, 0]  |0.45743202033222063 |0.1452023496231379  |459       
Gen 1 Train time: 17.21195193529129 minutes:
 Average MSE:        0.2503777268219474
 Average Error:      0.47778435720242374
 Structure           |Error               |MSE                 |weights&biases
 [20, 2, 0, 0, 0]    |0.21521822323038306 |0.16553000957904795 |105       
 [19, 4, 0, 0, 0]    |0.2742270672401461  |0.19228073695776196 |142       
 [19, 4, 6, 17, 13]  |0.9609424432003401  |0.25287986007086    |534       
 [16, 8, 0, 0, 0]    |0.32239801079352837 |0.1989964211950246  |193       
 [12, 4, 0, 0, 0]    |0.22748446643411002 |0.18029275685263946 |93        
 [19, 1, 0, 0, 0]    |0.23129653118732263 |0.1898435993946356  |79        
 [18, 18, 15, 14, 0] |1.2550635047740668  |0.12583121578733747 |920       
 [13, 0, 0, 0, 0]    |0.32946672788809334 |0.288580873647551   |53        
 [3, 10, 0, 0, 0]    |0.6924576883833079  |0.5960038557283702  |60        
 [20, 10, 0, 0, 0]   |0.2711153577499624  |0.13429574290936458 |281       
 [16, 0, 0, 0, 0]    |0.19994816632775428 |0.1699591585896553  |65        
 [9, 17, 4, 4, 0]    |0.35459323513877683 |0.17002939196461175 |294       
 [16, 8, 6, 17, 13]  |0.9447743692283094  |0.2081889615459438  |605       
 [13, 5, 0, 0, 0]    |0.2613404269074969  |0.19604101059885246 |115       
 [8, 0, 0, 0, 0]     |1.2013067097368093  |1.1061769586997783  |33        
 [13, 5, 0, 0, 0]    |0.20881999018755293 |0.15664351051244105 |115       
 [11, 7, 0, 0, 0]    |0.566532776380163   |0.41448423351026015 |125       
 [13, 11, 0, 0, 0]   |0.3224041378428089  |0.19311885822017655 |205       
 [9, 17, 4, 0, 0]    |0.32144381814944684 |0.16203668808636312 |274       
 [7, 4, 0, 0, 0]     |0.21673154002541292 |0.18747761374220512 |58        
 [19, 4, 19, 0, 0]   |0.30833730292417105 |0.1642179194819935  |252       
 [5, 20, 17, 0, 0]   |1.5983915562462943  |0.446640100158824   |510       
 [18, 11, 0, 0, 0]   |0.2522934138186226  |0.12686109538209359 |275       
 [20, 2, 15, 0, 0]   |0.2304788032664629  |0.15334018711769107 |163       
 [20, 13, 0, 0, 0]   |0.4088085619913175  |0.1716996935110526  |347       
 [12, 10, 0, 0, 0]   |0.2465184582103571  |0.15837044412609824 |177       
Gen 2 Train time: 16.79796656767527 minutes:
 Average MSE:        0.3673903620247439
 Average Error:      0.5054449464964317
 Structure           |Error               |MSE                 |weights&biases
 [16, 0, 0, 0, 0]    |0.28322082545663796 |0.24074225872506133 |65        
 [13, 5, 0, 0, 0]    |0.24476065595302304 |0.18360391813721416 |115       
 [5, 0, 0, 0, 0]     |1.062047222313712   |1.0077280960576769  |21        
 [11, 7, 0, 0, 0]    |1.1235894865703846  |0.8220356288950263  |125       
 [7, 4, 0, 0, 0]     |0.43192317688526594 |0.3736231769169691  |58        
 [18, 11, 0, 0, 0]   |0.5195949385903005  |0.26126874287707497 |275       
 [19, 4, 3, 1, 0]    |0.2524626554062434  |0.1700790516029514  |158       
 [7, 4, 4, 0, 0]     |0.2718788322319346  |0.2237113259522335  |78        
 [19, 1, 0, 0, 0]    |0.22454404615301687 |0.1843012937785915  |79        
 [19, 4, 0, 0, 0]    |0.353053316266228   |0.24755160940259616 |142       
 [12, 4, 19, 9, 0]   |0.6232284569901644  |0.24528312515283143 |373       
 [16, 6, 0, 0, 0]    |0.26560336202716456 |0.17937957219124895 |157       
 [20, 2, 15, 0, 0]   |0.20175945805689716 |0.1342328778731139  |163       
 [2, 1, 0, 0, 0]     |3.0534623305709956  |2.970636195543187   |11        
 [13, 18, 0, 0, 0]   |0.34700531131624607 |0.15986665895011778 |310       
 [12, 4, 11, 0, 0]   |0.26310243075822204 |0.17858120485266282 |155       
 [9, 5, 0, 0, 0]     |0.2141044519573477  |0.17398411278311277 |83        
 [13, 17, 4, 4, 0]   |0.48952973739711686 |0.192182455659464   |374       
 [12, 4, 0, 0, 0]    |0.22209397707378478 |0.17602052586125722 |93        
 [7, 20, 7, 0, 0]    |0.703720035043996   |0.3038033446763739  |336       
 [13, 14, 0, 0, 0]   |0.3350233187560517  |0.17932506018453725 |250       
 [12, 7, 17, 0, 0]   |0.36172260111592963 |0.17917762330812942 |281       
 [13, 5, 13, 0, 0]   |0.36692447959368496 |0.22199526419850138 |201       
 [12, 10, 0, 0, 0]   |0.3614984333484198  |0.23223683879859944 |177       
 [20, 10, 0, 0, 0]   |0.3148794626349783  |0.15597409055840097 |281       
 [16, 8, 0, 0, 0]    |0.25083560643947694 |0.15482535970641154 |193       
Increasing Epochs
Gen 3 Train time: 20.183010367552438 minutes:
 Average MSE:        0.2794940196054065
 Average Error:      0.43569259274200783
 Structure           |Error               |MSE                 |weights&biases
 [20, 2, 15, 0, 0]   |0.2378419397026463  |0.15823896610688998 |163       
 [9, 5, 0, 0, 0]     |0.36446706266004997 |0.2961707613077019  |83        
 [12, 10, 1, 0, 0]   |0.3731473298054322  |0.23852480944078072 |179       
 [19, 4, 6, 0, 0]    |0.21520348055023775 |0.13929360919238393 |174       
 [16, 8, 19, 9, 0]   |0.6141720547485047  |0.1572402842586422  |545       
 [12, 4, 0, 0, 0]    |0.28204937333414104 |0.22353816013938932 |93        
 [1, 2, 15, 0, 0]    |2.353770499365822   |1.9857933566574446  |68        
 [16, 8, 0, 0, 0]    |0.23123557689724922 |0.1427274695096946  |193       
 [13, 1, 9, 0, 0]    |0.19594783462715823 |0.16002794783437016 |81        
 [12, 7, 17, 6, 0]   |0.40150077713034016 |0.15605514977174098 |378       
 [13, 18, 0, 0, 0]   |0.723565064470718   |0.3333491610004202  |310       
 [12, 4, 11, 0, 0]   |0.2972337403084723  |0.20174788698903612 |155       
 [11, 4, 20, 0, 0]   |0.26371880752153315 |0.1591557706842158  |202       
 [19, 1, 11, 0, 0]   |0.22151240903153133 |0.1678345395795305  |111       
 [16, 8, 7, 0, 0]    |0.299559357599407   |0.1583507622850644  |255       
 [12, 4, 1, 8, 2]    |1.0841453970850394  |0.783324704719087   |130       
 [12, 4, 1, 0, 0]    |0.1828754703841025  |0.1442150273816052  |95        
 [13, 5, 13, 0, 0]   |0.30587844809524284 |0.18506142455451396 |201       
 [16, 3, 12, 0, 0]   |0.31361246387854413 |0.21022072122441599 |160       
 [19, 1, 6, 0, 0]    |0.20097754873659132 |0.1580945392850638  |96        
 [9, 5, 16, 0, 0]    |0.2539209091488543  |0.1579096189236845  |190       
 [6, 2, 15, 0, 0]    |0.3153803920676557  |0.24995465068210915 |93        
 [19, 4, 3, 12, 0]   |0.27012597086617535 |0.15860049162214931 |213       
 [20, 12, 15, 0, 0]  |0.6521662493432512  |0.17640800336249035 |523       
 [19, 4, 0, 0, 0]    |0.25964106130214415 |0.18205341695155244 |142       
 [12, 12, 6, 7, 0]   |0.4143581926313606  |0.18295327627659203 |327       
Gen 4 Train time: 20.151205611228942 minutes:
 Average MSE:        0.23728870928857482
 Average Error:      0.37074712478516797
 Structure           |Error               |MSE                 |weights&biases
 [12, 4, 1, 0, 0]    |0.2502013499415619  |0.1973080066831841  |95        
 [13, 1, 9, 0, 0]    |0.3832799802456651  |0.3130195789171057  |81        
 [19, 4, 0, 0, 0]    |0.21246477265735816 |0.14897465620468636 |142       
 [12, 4, 20, 0, 0]   |0.389649145754684   |0.23107601090825142 |209       
 [12, 4, 0, 0, 0]    |0.28979314923621413 |0.22967548778957497 |93        
 [12, 4, 3, 0, 0]    |0.2778410049174734  |0.21262903451387133 |107       
 [16, 8, 7, 0, 0]    |0.2386154222888208  |0.12613504820949756 |255       
 [16, 3, 12, 0, 0]   |0.33342171818843896 |0.22349926148535637 |160       
 [19, 4, 10, 18, 0]  |0.4971028754563061  |0.18105430204076586 |404       
 [16, 1, 4, 9, 0]    |0.24601979263891718 |0.17864703552581881 |128       
 [5, 8, 7, 0, 0]     |0.5591655547274019  |0.39999241787296735 |134       
 [9, 5, 0, 0, 0]     |0.19334776847870716 |0.1571169569330766  |83        
 [11, 4, 20, 0, 0]   |0.3025074921863351  |0.18256495814290513 |202       
 [15, 4, 1, 9, 0]    |0.2272480061400637  |0.15934026692751127 |142       
 [12, 4, 9, 0, 0]    |0.20155836169416239 |0.14097449333060585 |143       
 [13, 1, 1, 0, 0]    |0.23294360916804788 |0.20200579872245034 |57        
 [16, 20, 12, 0, 0]  |0.9285938810071686  |0.18148472421936485 |653       
 [12, 15, 1, 0, 0]   |0.4641451863053367  |0.2490608900199669  |249       
 [6, 4, 1, 0, 0]     |1.204088963320268   |1.0546650558971191  |53        
 [19, 4, 6, 0, 0]    |0.20147166951647913 |0.1304054930952397  |174       
 [19, 4, 12, 0, 0]   |0.27346351471266267 |0.16176880908687905 |210       
 [19, 4, 3, 0, 0]    |0.2013458111576811  |0.13632256559571726 |156       
 [6, 1, 11, 0, 0]    |0.42884566722665984 |0.37003481808675287 |59        
 [19, 2, 15, 0, 0]   |0.19967323481149485 |0.1345158726647562  |158       
 [19, 4, 6, 19, 0]   |0.5066266893540206  |0.22764204552157943 |320       
 [13, 5, 13, 0, 0]   |0.39601062328243714 |0.23959285310794204 |201       
Increasing Epochs
Gen 5 Train time: 23.01699020465215 minutes:
 Average MSE:        0.20537976803933614
 Average Error:      0.3000126829597289
 Structure           |Error               |MSE                 |weights&biases
 [9, 5, 0, 0, 0]     |0.3558893584028178  |0.2892004052442616  |83        
 [19, 2, 15, 0, 0]   |0.20675775504213792 |0.13928857253179522 |158       
 [13, 1, 9, 7, 0]    |0.29816159372567574 |0.2054362158008703  |149       
 [16, 1, 4, 9, 0]    |0.26420560352611877 |0.1918526445899645  |128       
 [19, 4, 6, 0, 0]    |0.22651230806675907 |0.14661341366990802 |174       
 [5, 4, 12, 0, 0]    |0.5940332668326974  |0.4489606849559834  |112       
 [13, 5, 13, 0, 0]   |0.25110595132150054 |0.15192317521894755 |201       
 [19, 4, 0, 0, 0]    |0.37186363946541406 |0.26074090848803555 |142       
 [12, 4, 20, 0, 0]   |0.24399415471349195 |0.14469734264891992 |209       
 [11, 4, 20, 0, 0]   |0.32234548922791845 |0.19453729996280583 |202       
 [12, 4, 4, 9, 0]    |0.30674647430786206 |0.20408194203299174 |163       
 [16, 1, 0, 0, 0]    |0.2690724435958599  |0.2275751811501497  |67        
 [19, 4, 13, 0, 0]   |0.25983117132782707 |0.1514161610035779  |216       
 [13, 5, 0, 0, 0]    |0.26165552708735884 |0.196277378765963   |115       
 [12, 15, 1, 3, 0]   |0.43514228983406356 |0.22887433115367753 |257       
 [12, 4, 1, 11, 0]   |0.23943183599885087 |0.1742983989237828  |127       
 [12, 15, 1, 0, 0]   |0.34370146874176394 |0.18443063987672192 |249       
 [12, 4, 1, 5, 0]    |0.3904374203174127  |0.2973077213274212  |109       
 [12, 4, 9, 0, 0]    |0.2975580532234042  |0.2081188566776576  |143       
 [13, 1, 1, 0, 0]    |0.23309161310753057 |0.20213414589675596 |57        
 [13, 1, 3, 9, 0]    |0.34509901965004397 |0.2654247543305962  |105       
 [19, 8, 3, 0, 0]    |0.2216879325484797  |0.11925579019631805 |248       
 [9, 5, 7, 0, 0]     |0.296081887883803   |0.21553774916016394 |127       
 [20, 4, 6, 9, 0]    |0.23509470586386894 |0.1267844545924465  |247       
 [16, 3, 12, 3, 0]   |0.2868258648434534  |0.17837271915379924 |190       
 [12, 4, 3, 0, 0]    |0.24400292829683726 |0.1867330816692242  |107       
Result:  [19, 2, 15]
Fold 0
Fold 0 Train time: 19.14858575661977 minutes, MSE: 0.4512759136908017
Fold 1
Fold 1 Train time: 19.14619901974996 minutes, MSE: 0.009017569345678348
Fold 2
Fold 2 Train time: 19.12993950843811 minutes, MSE: 0.03763683324511402
Fold 3
Fold 3 Train time: 19.224045674006145 minutes, MSE: 0.00805055009940236
Fold 4
Fold 4 Train time: 19.055359649658204 minutes, MSE: 0.02675248724685724
Total Time: 209.8637602130572 minutes
CellsPerSensor: 7
 Resulting Network Architecture: [19, 2, 15]
 MSE after 5-Fold CV: 0.10654667072557071
 Weights and Biases: 158
 Objective Function Value: 0.15815619362029332
~/workspace/SolarCellResearch
