/tmp/tmp.BxxGsnuAVp ~/workspace/SolarCellResearch
Using TensorFlow backend.
Genetically searching for best layer structure...
  Training on:     datasets/N9dataset10k.mat
  Evaluating with: datasets/N9dataset100k.mat
Gen 0 Train time: 17.59306435585022 minutes:
 Average MSE:        0.5137454731190566
 Average Error:      1.105073092505395
 Structure           |Error               |MSE                 |weights&biases
 [15, 17, 3, 3, 0]   |0.35153598019620574 |0.13359489748277226 |387       
 [16, 17, 9, 2, 6]   |0.5894953961781693  |0.15130034639363316 |544       
 [17, 1, 2, 16, 20]  |0.6990910369237067  |0.20951199069745438 |482       
 [14, 20, 16, 0, 0]  |0.7379006136842642  |0.12984080793461752 |695       
 [20, 0, 0, 0, 0]    |0.19703030365850951 |0.16091198566010584 |81        
 [6, 15, 0, 0, 0]    |0.7340486084995972  |0.518570117796734   |139       
 [7, 13, 6, 0, 0]    |0.697741286449523   |0.40660751528763883 |216       
 [13, 13, 6, 1, 0]   |0.4137435214355393  |0.1887165716129184  |314       
 [20, 19, 1, 17, 0]  |0.5372979160432162  |0.14245878348297628 |531       
 [1, 17, 9, 1, 13]   |4.5099853227990305  |2.4200637895539434  |249       
 [6, 9, 5, 0, 0]     |1.1604002672712834  |0.8238762054957659  |137       
 [6, 19, 3, 3, 6]    |0.35353218336596987 |0.1873492502280214  |254       
 [7, 0, 0, 0, 0]     |0.4426540588773927  |0.4116973777820051  |29        
 [11, 0, 0, 0, 0]    |0.5268270245975167  |0.4707712315654137  |45        
 [15, 18, 5, 4, 0]   |0.46906647487648023 |0.14964180861968074 |457       
 [18, 20, 12, 14, 6] |1.7272144645193492  |0.1547429346088312  |965       
 [17, 12, 17, 11, 16]|1.395963055199202   |0.1489841341729496  |895       
 [7, 2, 0, 0, 0]     |1.0319471979656683  |0.9337444381566984  |40        
 [18, 0, 0, 0, 0]    |0.1653963713899043  |0.13780571680353532 |73        
 [2, 2, 3, 19, 0]    |1.7231258542286445  |1.286132944194652   |117       
 [14, 0, 0, 0, 0]    |1.1079762780297122  |0.9608232387584217  |57        
 [13, 15, 10, 17, 0] |0.8676435624069156  |0.1869387434273592  |614       
 [11, 11, 7, 13, 14] |0.9129472003389904  |0.2228899268364998  |564       
 [6, 20, 10, 2, 1]   |5.826970137474879   |2.17058596985972    |395       
 [17, 18, 5, 0, 0]   |0.44729319622520614 |0.13607610156406852 |476       
Gen 1 Train time: 17.43497097492218 minutes:
 Average MSE:        0.22515131532003313
 Average Error:      0.4580727607057234
 Structure           |Error               |MSE                 |weights&biases
 [18, 0, 0, 0, 0]    |0.21602243957949788 |0.17998657940157323 |73        
 [20, 0, 0, 0, 0]    |0.2096685096266359  |0.17123343763856544 |81        
 [20, 18, 14, 0, 0]  |0.6603029318400478  |0.1094205502437752  |719       
 [18, 8, 0, 0, 0]    |0.2321062227834903  |0.13559806746981998 |215       
 [14, 20, 16, 0, 0]  |0.9123476189359447  |0.160536459467636   |695       
 [20, 19, 1, 17, 0]  |0.5723511545375599  |0.15175277395630093 |531       
 [6, 0, 0, 0, 0]     |1.389105067294      |1.304943445836376   |25        
 [20, 19, 3, 3, 6]   |0.6093961279292085  |0.14952573412380082 |562       
 [20, 11, 0, 0, 0]   |0.2901785724185664  |0.13604646753552124 |303       
 [18, 10, 0, 0, 0]   |0.22671346349269467 |0.11984352634499837 |255       
 [18, 3, 0, 0, 0]    |0.2992184980065168  |0.22445473680897834 |115       
 [18, 5, 0, 0, 0]    |0.17590671513050102 |0.11939697037062558 |155       
 [13, 13, 6, 16, 2]  |0.5297816727445792  |0.17028354909764495 |454       
 [18, 5, 0, 0, 0]    |0.20140981961888962 |0.13670724422060393 |155       
 [17, 1, 3, 3, 0]    |0.19150430844086652 |0.15253747548652158 |91        
 [15, 17, 2, 16, 20] |1.2783339756906824  |0.19024504041595433 |762       
 [20, 9, 0, 0, 0]    |0.2567189847519087  |0.13435452861741423 |259       
 [15, 18, 5, 4, 0]   |0.4575969172783669  |0.1459827849311913  |457       
 [20, 12, 0, 0, 0]   |0.23386457935317526 |0.10377677801121477 |325       
 [7, 12, 0, 0, 0]    |0.6126523575078351  |0.4426580865727128  |130       
 [20, 19, 0, 0, 0]   |0.48777828457305733 |0.14728374549521303 |479       
 [18, 12, 0, 0, 0]   |0.42594447446000683 |0.2037327316988462  |295       
 [11, 0, 0, 0, 0]    |0.6251440503616498  |0.5586270649638425  |45        
 [7, 13, 6, 0, 0]    |0.3508058639916927  |0.20443150416370642 |216       
 [18, 5, 0, 0, 0]    |0.23170940141717208 |0.15727313488332256 |155       
 [18, 7, 0, 0, 0]    |0.23332976658425886 |0.14330178056470205 |195       
Increasing Epochs
Gen 2 Train time: 19.87565092245738 minutes:
 Average MSE:        0.2519105588805592
 Average Error:      0.3872496144440705
 Structure           |Error               |MSE                 |weights&biases
 [18, 5, 0, 0, 0]    |0.27111621009484654 |0.1840205706739269  |155       
 [17, 1, 3, 3, 0]    |0.17696122662027303 |0.1409535847387463  |91        
 [18, 12, 3, 0, 0]   |0.32499564093543626 |0.14421594145317632 |325       
 [6, 6, 0, 0, 0]     |0.28461612497492933 |0.24072166340715465 |67        
 [18, 0, 0, 0, 0]    |0.19924444732649138 |0.16600741390041973 |73        
 [11, 8, 0, 0, 0]    |0.33909168589998295 |0.24015163364607814 |138       
 [18, 7, 3, 0, 0]    |0.3440804287056695  |0.20101417629891585 |215       
 [20, 11, 0, 0, 0]   |0.2685989436859303  |0.12592913793625501 |303       
 [18, 8, 0, 0, 0]    |0.2657428182253032  |0.15524880015365913 |215       
 [1, 10, 0, 0, 0]    |2.6492877611343886  |2.4334033535163697  |34        
 [20, 10, 0, 0, 0]   |0.23560765451788046 |0.11670716576592036 |281       
 [18, 6, 0, 0, 0]    |0.23881449111847522 |0.15419022428027043 |175       
 [18, 8, 2, 0, 0]    |0.25520800429049995 |0.14468788652925205 |227       
 [7, 12, 0, 0, 0]    |0.3491850694061415  |0.25229576412934274 |130       
 [18, 5, 7, 0, 0]    |0.24067275182191034 |0.14634079799825783 |199       
 [18, 5, 15, 0, 0]   |0.38634218298966805 |0.204225231585324   |255       
 [20, 12, 0, 0, 0]   |0.27567224619134595 |0.12232881771141899 |325       
 [20, 9, 11, 0, 0]   |0.3146734593985911  |0.12446635822329896 |371       
 [18, 10, 0, 0, 0]   |0.2893971266548957  |0.15297888196900308 |255       
 [18, 20, 8, 0, 0]   |0.7444757026028643  |0.16160906110871426 |611       
 [17, 1, 15, 3, 0]   |0.23711066127505892 |0.16255671518011106 |151       
 [8, 1, 3, 3, 0]     |0.2281793389195635  |0.19886613182804294 |55        
 [18, 19, 0, 0, 0]   |0.38969752256886486 |0.13135070126837922 |435       
 [20, 13, 0, 0, 0]   |0.34369338006930766 |0.14435130157800163 |347       
 [20, 0, 0, 0, 0]    |0.2248953621076437  |0.18366900223232    |81        
 [18, 7, 0, 0, 0]    |0.1911297340098717  |0.11738421378217874 |195       
Increasing Epochs
Gen 3 Train time: 23.016517929236095 minutes:
 Average MSE:        0.1610274955001736
 Average Error:      0.3382388655697616
 Structure           |Error               |MSE                 |weights&biases
 [17, 1, 3, 3, 0]    |0.19076724683891147 |0.15195038939453953 |91        
 [18, 7, 0, 0, 0]    |0.23570103959543034 |0.14475812130373583 |195       
 [18, 10, 0, 0, 0]   |0.22113220524612204 |0.11689320456257402 |255       
 [18, 6, 0, 0, 0]    |0.29432462605392884 |0.19003026110315951 |175       
 [7, 12, 4, 0, 0]    |0.4028168964690302  |0.26072914438643396 |174       
 [20, 12, 9, 0, 0]   |0.25053431692898637 |0.08360437948231345 |439       
 [18, 5, 0, 0, 0]    |0.23245635270614196 |0.15778012929141705 |155       
 [18, 5, 15, 0, 0]   |0.21070788836793403 |0.11138278239719612 |255       
 [18, 8, 0, 0, 0]    |0.36562183717350366 |0.213598816744084   |215       
 [18, 7, 5, 0, 0]    |0.23798775173354084 |0.13291624713073033 |233       
 [20, 10, 10, 0, 0]  |0.35793873245186686 |0.13467464510297486 |391       
 [18, 20, 15, 0, 0]  |1.595478848317616   |0.23566921454698714 |765       
 [20, 11, 0, 0, 0]   |0.30479124623787424 |0.14289743050565412 |303       
 [20, 11, 0, 0, 0]   |0.3058895087705649  |0.14341233667792538 |303       
 [18, 0, 0, 0, 0]    |0.22543431229671584 |0.18782840722016725 |73        
 [17, 1, 15, 3, 4]   |0.3117137707921103  |0.20481054179151564 |168       
 [17, 8, 3, 3, 0]    |0.3198078385082348  |0.1763940319922465  |238       
 [8, 9, 11, 0, 0]    |0.38840985353097623 |0.22020547894165426 |227       
 [20, 7, 0, 0, 0]    |0.20285834506113912 |0.11851125416001965 |215       
 [18, 5, 15, 0, 0]   |0.28393251182213985 |0.15009021933033387 |255       
 [18, 19, 0, 0, 0]   |0.42508127929136963 |0.14327708260222366 |435       
 [18, 10, 17, 0, 0]  |0.34272920054501466 |0.11154639829624353 |449       
 [11, 8, 0, 0, 0]    |0.2572937731732786  |0.18222068698184332 |138       
 [11, 8, 0, 0, 0]    |0.2727334798985625  |0.19315540153626304 |138       
 [18, 8, 2, 0, 0]    |0.24950350028426552 |0.14145376920344827 |227       
 [18, 12, 3, 0, 0]   |0.3085641427185438  |0.13692450831882824 |325       
Result:  [17, 1, 3, 3]
Fold 0
Fold 0 Train time: 19.939132448037466 minutes, MSE: 0.010149269905288184
Fold 1
Fold 1 Train time: 19.930561900138855 minutes, MSE: 0.009038495614454876
Fold 2
Fold 2 Train time: 19.944720685482025 minutes, MSE: 0.00831536321562187
Fold 3
Fold 3 Train time: 19.815833779176078 minutes, MSE: 0.006133143517959437
Fold 4
Fold 4 Train time: 19.78746256430944 minutes, MSE: 0.01313210146675998
Total Time: 177.34444420735042 minutes
CellsPerSensor: 9
 Resulting Network Architecture: [17, 1, 3, 3]
 MSE after 5-Fold CV: 0.00935367474401687
 Weights and Biases: 91
 Objective Function Value: 0.011743140546416272
~/workspace/SolarCellResearch
