/tmp/tmp.gqqVEtLd4N ~/workspace/SolarCellResearch
Using TensorFlow backend.
Genetically searching for best layer structure...
  Training on:     datasets/N8dataset10k.mat
  Evaluating with: datasets/N8dataset100k.mat
Gen 0 Train time: 17.509195709228514 minutes:
 Average MSE:        0.6517461268612785
 Average Error:      1.06360177482768
 Structure           |Error               |MSE                 |weights&biases
 [1, 7, 14, 0, 0]    |3.612970672037685   |2.520684104669636   |144       
 [2, 5, 0, 0, 0]     |2.4486524621223227  |2.2888233345004223  |27        
 [6, 5, 12, 19, 0]   |1.575363048992159   |0.5912512370071384  |392       
 [15, 1, 12, 0, 0]   |0.21121632685413735 |0.16531997757951108 |98        
 [16, 3, 8, 0, 0]    |0.217077769765619   |0.15297211889653273 |140       
 [9, 8, 0, 0, 0]     |0.23119439338964964 |0.1729943416019015  |116       
 [13, 0, 0, 0, 0]    |0.32223634777524945 |0.2822477624920079  |53        
 [4, 11, 15, 0, 0]   |3.123722861544098   |1.618541629915812   |263       
 [18, 0, 0, 0, 0]    |0.3225481294204908  |0.2687421483609607  |73        
 [3, 10, 14, 11, 0]  |4.509770895732637   |1.7441134117609625  |380       
 [14, 8, 1, 0, 0]    |0.2511365117946964  |0.16295867857260052 |173       
 [7, 9, 8, 0, 0]     |0.7680825096923052  |0.4873083874908583  |182       
 [19, 0, 0, 0, 0]    |0.16051100708730398 |0.13240461775545537 |77        
 [5, 0, 0, 0, 0]     |1.5313046538542088  |1.452985037662424   |21        
 [14, 9, 0, 0, 0]    |0.28065352567268487 |0.1758481614828195  |187       
 [15, 7, 3, 20, 16]  |0.9906449373452507  |0.21344008967952677 |614       
 [13, 0, 0, 0, 0]    |0.35065205746973754 |0.3071371659881201  |53        
 [3, 13, 0, 0, 0]    |1.4911799739273395  |1.2362316188332547  |75        
 [16, 15, 4, 7, 9]   |0.5390644218571893  |0.16074754403525895 |484       
 [9, 8, 0, 0, 0]     |0.3396969538548758  |0.2541828545870206  |116       
 [16, 12, 8, 20, 0]  |0.7669382403669978  |0.19054840887060118 |557       
 [10, 0, 0, 0, 0]    |0.49144301065229645 |0.44356572326355703 |41        
 [18, 16, 5, 7, 0]   |0.6806615975048498  |0.19845557323916535 |493       
 [13, 5, 8, 10, 0]   |0.39672136491951626 |0.2081448398266707  |258       
 [12, 0, 0, 0, 0]    |0.976600697058694   |0.8640044034597487  |49        
Gen 1 Train time: 18.3119682153066 minutes:
 Average MSE:        0.20922406459680054
 Average Error:      0.38592656789169355
 Structure           |Error               |MSE                 |weights&biases
 [19, 0, 0, 0, 0]    |0.17232001251228427 |0.14214579923415713 |77        
 [15, 1, 12, 0, 0]   |0.2321143416429121  |0.18167694859493075 |98        
 [9, 8, 0, 0, 0]     |0.23850654300543975 |0.17846575676008083 |116       
 [19, 19, 14, 7, 0]  |1.6125720622305773  |0.20246878720900896 |830       
 [19, 7, 9, 0, 0]    |0.244178922913504   |0.12155918301591703 |279       
 [16, 15, 4, 0, 0]   |0.3940479800241679  |0.15547309258296999 |372       
 [13, 9, 0, 0, 0]    |0.18504370040997592 |0.11947319249446528 |175       
 [14, 9, 0, 0, 0]    |0.24345489335425277 |0.15254073611842003 |187       
 [5, 5, 8, 10, 0]    |1.6013049132770907  |0.9859189462695814  |194       
 [9, 8, 2, 0, 0]     |0.2735169032014317  |0.19861403588309753 |128       
 [16, 9, 0, 0, 0]    |0.2667117244665218  |0.15738080710480853 |211       
 [14, 9, 10, 0, 0]   |0.35917604984621937 |0.17482975254943853 |288       
 [9, 8, 11, 0, 0]    |0.42321815755694886 |0.2453995712196253  |218       
 [14, 8, 1, 4, 0]    |0.2821334386941802  |0.1781062256982669  |184       
 [19, 9, 0, 0, 0]    |0.3349451375652637  |0.18063289187462037 |247       
 [19, 11, 0, 0, 0]   |0.4361410666681552  |0.21176257935924445 |289       
 [5, 8, 0, 0, 0]     |0.3442219241934613  |0.2875183193934673  |72        
 [14, 9, 3, 0, 0]    |0.2416851827879847  |0.1426131873599754  |211       
 [10, 12, 0, 0, 0]   |0.29336892047821433 |0.1894132112065005  |175       
 [15, 1, 0, 0, 0]    |0.21514180134354252 |0.18379065252574997 |63        
 [16, 3, 8, 9, 0]    |0.2971349657931587  |0.17057694169340426 |222       
 [13, 0, 0, 0, 0]    |0.3421472918703588  |0.29968781684573875 |53        
 [16, 10, 12, 3, 0]  |0.41260661329051423 |0.15446918534533477 |393       
 [15, 1, 8, 0, 0]    |0.2038559379455541  |0.164418261779307   |86        
 [16, 3, 14, 0, 0]   |0.19821098662293668 |0.12958435413485234 |170       
 [16, 3, 8, 0, 0]    |0.18633129348938202 |0.13130544326384955 |140       
Increasing Epochs
Gen 2 Train time: 21.143366396427155 minutes:
 Average MSE:        0.19788601970418027
 Average Error:      0.32229676277091557
 Structure           |Error               |MSE                 |weights&biases
 [19, 0, 0, 0, 0]    |0.2446575936284447  |0.20181665888947015 |77        
 [13, 9, 0, 0, 0]    |0.2330060790947195  |0.1504400316162465  |175       
 [5, 8, 0, 0, 0]     |0.8658049465969884  |0.7231810807849915  |72        
 [9, 8, 2, 0, 0]     |0.3978304766514583  |0.28888421753902394 |128       
 [13, 9, 9, 0, 0]    |0.2350110404630672  |0.12116248472332133 |265       
 [9, 8, 0, 0, 0]     |0.45048697944140675 |0.3370829943845188  |116       
 [19, 9, 0, 0, 0]    |0.31491889655675503 |0.1698329207120589  |247       
 [16, 8, 8, 0, 0]    |0.3413985637954759  |0.17601172348723676 |265       
 [14, 9, 18, 0, 0]   |0.34451764826192693 |0.13457818318336487 |376       
 [15, 1, 0, 0, 0]    |0.18302711160337654 |0.15635581770449605 |63        
 [9, 8, 11, 0, 0]    |0.34642984826069406 |0.2008745010176332  |218       
 [16, 9, 0, 0, 0]    |0.23345465524775974 |0.13775653147141304 |211       
 [16, 3, 14, 2, 0]   |0.25036901433560216 |0.15648120186745537 |188       
 [16, 10, 8, 3, 0]   |0.6496067178107228  |0.2797418266802547  |337       
 [19, 12, 0, 0, 0]   |0.3270279387491052  |0.15066300787401096 |310       
 [15, 1, 2, 0, 0]    |0.17710879932036164 |0.14942046269621864 |68        
 [15, 1, 8, 0, 0]    |0.2179316378346897  |0.17577089703939425 |86        
 [16, 3, 8, 14, 0]   |0.340634217663125   |0.17257108284929798 |272       
 [17, 19, 0, 0, 0]   |0.5843779559040896  |0.20810608178268616 |413       
 [13, 3, 0, 0, 0]    |0.1760108906620113  |0.14231542142969644 |85        
 [19, 7, 9, 0, 0]    |0.2688055587400384  |0.13381901976097657 |279       
 [14, 9, 0, 0, 0]    |0.21902953361516048 |0.1372366183690313  |187       
 [16, 3, 8, 0, 0]    |0.2506809537958452  |0.17665188245925922 |140       
 [14, 9, 3, 0, 0]    |0.23230403799602697 |0.1370775771730648  |211       
 [13, 3, 3, 0, 0]    |0.24072853227139324 |0.18889095228119684 |97        
 [14, 9, 6, 0, 0]    |0.2545562037435583  |0.13831333453236785 |244       
Increasing Epochs
Gen 3 Train time: 24.07857836484909 minutes:
 Average MSE:        0.2367536253714091
 Average Error:      0.34002014281462417
 Structure           |Error               |MSE                 |weights&biases
 [13, 3, 0, 0, 0]    |0.21616424112606794 |0.17478182718228022 |85        
 [15, 1, 2, 0, 0]    |0.23059242866787527 |0.1945427190405977  |68        
 [13, 9, 6, 7, 0]    |0.4165098918556613  |0.20580110882838057 |282       
 [16, 8, 0, 0, 0]    |0.31029848241795727 |0.19152812807820294 |193       
 [15, 1, 3, 0, 0]    |0.23191615853436473 |0.19419754627244476 |71        
 [13, 19, 0, 0, 0]   |0.39061740740624645 |0.17333542380736716 |325       
 [16, 1, 8, 20, 0]   |0.4174310544946089  |0.20625626318656898 |282       
 [15, 3, 8, 0, 0]    |0.2229296133794016  |0.15947004302613718 |134       
 [19, 0, 0, 0, 0]    |0.25497800703982115 |0.21032990927402687 |77        
 [19, 7, 9, 11, 0]   |0.36405422015701516 |0.13697560071814627 |391       
 [13, 3, 12, 0, 0]   |0.21033178529402022 |0.14747906211081432 |142       
 [19, 9, 0, 0, 0]    |0.34135112976619963 |0.18408758569401001 |247       
 [15, 1, 7, 0, 0]    |0.27117819837665236 |0.22036299488103966 |83        
 [19, 12, 0, 0, 0]   |0.27145547713149865 |0.1250605646873597  |310       
 [16, 3, 3, 3, 0]    |0.20009184315890458 |0.1456601949144019  |127       
 [14, 9, 14, 2, 0]   |0.4206116454394263  |0.1753370200181799  |350       
 [15, 9, 0, 0, 0]    |0.2710373937756414  |0.16480398463156848 |199       
 [16, 1, 8, 0, 0]    |0.19221399965583816 |0.15348599619779607 |90        
 [10, 0, 0, 0, 0]    |0.3142081469922557  |0.2835974079495654  |41        
 [16, 3, 8, 0, 0]    |0.21228756886009134 |0.1495965213710476  |140       
 [19, 14, 0, 0, 0]   |0.2649607032356484  |0.10990117196928165 |352       
 [19, 3, 8, 0, 0]    |0.17141875638857051 |0.11548139453184425 |158       
 [15, 1, 1, 13, 0]   |0.22389749446021498 |0.1730686493953711  |103       
 [15, 1, 8, 0, 0]    |0.18026041419290031 |0.1453874940701033  |86        
 [16, 9, 0, 0, 0]    |0.25466624097824153 |0.15027302840799633 |211       
 [3, 3, 0, 0, 0]     |1.985061410395106   |1.8647926194121047  |25        
Result:  [19, 3, 8]
Fold 0
Fold 0 Train time: 20.76970926920573 minutes, MSE: 0.028268896103820804
Fold 1
Fold 1 Train time: 20.741490336259208 minutes, MSE: 0.005960186594918976
Fold 2
Fold 2 Train time: 20.742088611920675 minutes, MSE: 0.73032552886455
Fold 3
Fold 3 Train time: 20.74282023906708 minutes, MSE: 0.007982873515590612
Fold 4
Fold 4 Train time: 20.699900702635446 minutes, MSE: 0.008948494172966195
Total Time: 184.74469279448192 minutes
CellsPerSensor: 8
 Resulting Network Architecture: [19, 3, 8]
 MSE after 5-Fold CV: 0.15629719585036933
 Weights and Biases: 158
 Objective Function Value: 0.23200508660555813
~/workspace/SolarCellResearch
