/tmp/tmp.4fn27kgMkp ~/workspace/SolarCellResearch
Using TensorFlow backend.
Genetically searching for best layer structure...
  Training on:     datasets/N8dataset10k.mat
  Evaluating with: datasets/N8dataset100k.mat
Gen 0 Train time: 16.719594593842825 minutes:
 Average MSE:        0.6927598307706327
 Average Error:      1.5174733271488898
 Structure           |Error               |MSE                 |weights&biases
 [3, 13, 20, 0, 0]   |2.457287014439301   |0.9940755210604436  |362       
 [5, 16, 0, 0, 0]    |1.3163470041366243  |0.9558641095086475  |128       
 [1, 14, 11, 20, 0]  |11.080961014803432  |3.5350534227286388  |457       
 [6, 8, 5, 0, 0]     |1.2590467576503461  |0.921138285471588   |125       
 [15, 20, 12, 0, 0]  |0.7032860442429439  |0.14558552285354068 |630       
 [6, 12, 2, 0, 0]    |1.21242806060311    |0.8738251422726944  |131       
 [20, 1, 0, 0, 0]    |0.23929889810764388 |0.19445745334398268 |83        
 [13, 6, 18, 20, 13] |2.015157503683464   |0.20406787047632843 |916       
 [12, 13, 15, 0, 0]  |0.40602897683433953 |0.13823076912654828 |431       
 [5, 18, 0, 0, 0]    |1.3649028535554166  |0.9570336334726572  |142       
 [5, 19, 0, 0, 0]    |0.38610603318358194 |0.2660307833882154  |149       
 [16, 0, 0, 0, 0]    |0.3197044293327726  |0.27175390904918545 |65        
 [14, 17, 0, 0, 0]   |0.46486489740697384 |0.21150461533448386 |315       
 [15, 20, 19, 9, 12] |2.3584704179724336  |0.1596954493646551  |1077      
 [12, 17, 3, 13, 0]  |0.44526951626769223 |0.17350037371572083 |377       
 [10, 15, 0, 0, 0]   |0.27512397540958217 |0.16234469403417076 |211       
 [3, 7, 0, 0, 0]     |1.160823175719024   |1.037308510284602   |45        
 [11, 12, 0, 0, 0]   |0.3857416097819324  |0.23988694278014475 |190       
 [17, 0, 0, 0, 0]    |0.20088301270425493 |0.16905476442274647 |69        
 [6, 0, 0, 0, 0]     |1.1359303583438762  |1.06710781707463    |25        
 [18, 0, 0, 0, 0]    |0.21752645554885316 |0.18123970241146303 |73        
 [4, 0, 0, 0, 0]     |1.4104600242107217  |1.3517714392019997  |17        
 [6, 14, 8, 7, 6]    |2.633485706949283   |1.0868768763857668  |354       
 [1, 19, 12, 0, 0]   |3.802409270005654   |1.8232760022244534  |294       
 [13, 20, 8, 0, 0]   |0.6852901678289895  |0.1983121592785129  |496       
Gen 1 Train time: 16.812690107027688 minutes:
 Average MSE:        0.5158159045636603
 Average Error:      0.7256890698795178
 Structure           |Error               |MSE                 |weights&biases
 [17, 0, 0, 0, 0]    |0.29544945998801575 |0.24863794197787698 |69        
 [18, 0, 0, 0, 0]    |0.16656348398759346 |0.13877813709766523 |73        
 [5, 19, 0, 0, 0]    |1.4114447046278953  |0.9724990241288822  |149       
 [7, 20, 0, 0, 0]    |0.8457089240916129  |0.5103900508776922  |202       
 [18, 1, 0, 0, 0]    |0.23429304583645733 |0.19423575718559835 |75        
 [14, 17, 0, 0, 0]   |0.34481290472371817 |0.1568832604542921  |315       
 [13, 20, 8, 0, 0]   |0.7391227915107559  |0.21389047098226807 |496       
 [17, 11, 0, 0, 0]   |0.3172235277600751  |0.16519170703425232 |261       
 [5, 18, 0, 0, 0]    |0.48193264450850876 |0.33791837174464395 |142       
 [12, 17, 3, 13, 0]  |0.43140493189083606 |0.16809800395333288 |377       
 [1, 0, 0, 0, 0]     |3.5770814713393606  |3.532646251652743   |5         
 [17, 14, 8, 0, 0]   |0.45759624128446197 |0.15539763609214524 |432       
 [10, 11, 0, 0, 0]   |1.2755135607468604  |0.8486137783783609  |163       
 [18, 15, 0, 0, 0]   |0.40880802286335033 |0.16829958983652665 |355       
 [13, 20, 8, 1, 0]   |0.7533719854115415  |0.21692661363968063 |498       
 [12, 17, 3, 0, 0]   |0.34835632387039583 |0.1584954482270565  |315       
 [16, 0, 0, 0, 0]    |0.34534660072476236 |0.29355016732069417 |65        
 [17, 6, 0, 0, 0]    |0.20375688503385944 |0.13454887865883167 |166       
 [20, 20, 0, 0, 0]   |0.5870960732936532  |0.16778585181886377 |501       
 [1, 8, 0, 0, 0]     |3.7910135299519343  |3.534717586507017   |28        
 [17, 19, 0, 0, 0]   |0.42682578895683904 |0.15199930395422    |413       
 [18, 2, 0, 0, 0]    |0.2092662315020906  |0.16502669954987487 |95        
 [17, 5, 0, 0, 0]    |0.26073575896016427 |0.1805499510675319  |147       
 [12, 13, 10, 0, 0]  |0.396605239259694   |0.16286822307371374 |356       
 [20, 1, 0, 0, 0]    |0.2781948943562795  |0.22606485494758072 |83        
 [16, 4, 0, 0, 0]    |0.2803907903867454  |0.20719995849382378 |121       
Gen 2 Train time: 17.12105676730474 minutes:
 Average MSE:        0.2369137195496804
 Average Error:      0.43942351884742076
 Structure           |Error               |MSE                 |weights&biases
 [18, 0, 0, 0, 0]    |0.18534678043273067 |0.15442809125810716 |73        
 [17, 6, 0, 0, 0]    |0.20227746535994734 |0.13357195825608006 |166       
 [14, 17, 0, 0, 0]   |0.33269488745974957 |0.15136979494134656 |315       
 [18, 15, 0, 0, 0]   |0.44384295324027007 |0.18272289878014247 |355       
 [11, 0, 0, 0, 0]    |0.7276222840991946  |0.650201342768079   |45        
 [7, 0, 0, 0, 0]     |1.4343371803373275  |1.334027880593035   |29        
 [12, 13, 0, 0, 0]   |0.3604755551204507  |0.20849689439936964 |219       
 [16, 10, 0, 0, 0]   |0.3092293995974615  |0.17444044517227097 |229       
 [17, 11, 0, 0, 0]   |0.27475558618495577 |0.14307685378688925 |261       
 [18, 2, 0, 0, 0]    |0.3080767156956511  |0.24294834018125147 |95        
 [9, 2, 0, 0, 0]     |0.2768240316513466  |0.2442963504932934  |50        
 [14, 17, 12, 0, 0]  |0.5168197739154288  |0.1387528390386     |526       
 [17, 14, 20, 0, 0]  |0.8735322414690996  |0.18356063328951433 |624       
 [18, 18, 0, 0, 0]   |0.3921647936909706  |0.13895944716074962 |415       
 [12, 17, 3, 13, 0]  |0.43421701577171    |0.16919373942685284 |377       
 [18, 15, 17, 0, 0]  |0.5883370818718664  |0.12209507593033686 |629       
 [13, 5, 0, 0, 0]    |0.20304042767668645 |0.1523080493331014  |115       
 [17, 20, 8, 0, 0]   |0.6848037468013797  |0.1574538337409936  |588       
 [18, 2, 4, 0, 0]    |0.1917642436300036  |0.14602337619012837 |109       
 [12, 17, 3, 13, 12] |0.8054250401404068  |0.20672101658028574 |544       
 [18, 12, 0, 0, 0]   |0.37918624607981166 |0.18136788799621914 |295       
 [17, 5, 0, 0, 0]    |0.2797100815151052  |0.19368897358786658 |147       
 [13, 0, 0, 0, 0]    |0.32793992160858193 |0.28724353954751514 |53        
 [20, 5, 0, 0, 0]    |0.19695933543603317 |0.1284445493101408  |171       
 [12, 17, 3, 0, 0]   |0.4068776372863606  |0.1851215237856855  |315       
 [17, 6, 13, 0, 0]   |0.28875106396040984 |0.1492413727438358  |264       
Increasing Epochs
Gen 3 Train time: 20.050657721360526 minutes:
 Average MSE:        0.24459237244545148
 Average Error:      0.39171739149481505
 Structure           |Error               |MSE                 |weights&biases
 [18, 0, 0, 0, 0]    |0.21242504281924515 |0.17698928366281313 |73        
 [18, 2, 4, 0, 0]    |0.2516305936354047  |0.1916100110209442  |109       
 [13, 12, 4, 0, 0]   |0.4355282191073464  |0.22510334125442516 |264       
 [18, 2, 0, 0, 0]    |0.17559466041722505 |0.13847340327790159 |95        
 [17, 6, 13, 0, 0]   |0.24421024071921507 |0.1262203888122654  |264       
 [17, 6, 18, 0, 0]   |0.39523419984221825 |0.18483776607233066 |304       
 [16, 10, 0, 0, 0]   |0.3772112931055022  |0.2127899416387573  |229       
 [9, 2, 0, 0, 0]     |0.3288183260357695  |0.2901811542396182  |50        
 [14, 17, 0, 0, 0]   |0.31463072318412727 |0.14315094654525104 |315       
 [17, 5, 0, 0, 0]    |0.3106859887800909  |0.2151386533834946  |147       
 [8, 11, 0, 0, 0]    |0.2877788802624338  |0.20534518829008577 |135       
 [12, 17, 3, 13, 0]  |0.5463413224661072  |0.2128832542114191  |377       
 [13, 5, 4, 0, 0]    |0.21465597405979595 |0.1520237298226036  |138       
 [18, 2, 20, 0, 0]   |0.32128862944909015 |0.20847932513384268 |173       
 [17, 6, 6, 0, 0]    |0.2594268462888315  |0.1542345908138155  |208       
 [16, 17, 10, 0, 0]  |0.5930223111668499  |0.1584171941660429  |528       
 [18, 2, 4, 1, 0]    |0.20167147546841288 |0.15280154903984464 |111       
 [18, 9, 4, 0, 0]    |0.29945921409254794 |0.15247158156531143 |270       
 [13, 5, 0, 0, 0]    |0.24049214709894096 |0.1804019535601815  |115       
 [18, 2, 3, 0, 0]    |0.21369324229250383 |0.16435710653456553 |105       
 [18, 15, 0, 0, 0]   |0.3216835742559841  |0.13243187652050253 |355       
 [18, 15, 17, 0, 0]  |0.7240571687720648  |0.15026048454716204 |629       
 [17, 6, 13, 6, 0]   |0.31483167199571493 |0.1342277684287341  |341       
 [9, 11, 1, 0, 0]    |0.5075935096079318  |0.3479925074853175  |151       
 [13, 0, 0, 0, 0]    |0.27269271103551773 |0.23885234570538497 |53        
 [4, 2, 0, 0, 0]     |1.8199942129063174  |1.709726337849125   |25        
Increasing Epochs
Gen 4 Train time: 23.09574581782023 minutes:
 Average MSE:        0.2612141156412084
 Average Error:      0.39676159426376467
 Structure           |Error               |MSE                 |weights&biases
 [18, 2, 0, 0, 0]    |0.17128557052511417 |0.13507526838602496 |95        
 [18, 2, 4, 1, 0]    |0.17171124693802164 |0.13010141597244632 |111       
 [18, 2, 3, 6, 0]    |0.31822064137787615 |0.22877637155448483 |132       
 [18, 9, 4, 0, 0]    |0.2626661201355156  |0.1337381415430716  |270       
 [8, 11, 0, 0, 0]    |0.4207931290872887  |0.3002577682031631  |135       
 [18, 6, 0, 0, 0]    |0.3720417915973701  |0.2402082345144349  |175       
 [13, 3, 20, 0, 0]   |0.42182321081040486 |0.26762487893205844 |182       
 [17, 6, 18, 4, 5]   |0.5531465508699788  |0.20760203983287334 |392       
 [18, 0, 0, 0, 0]    |0.23182543936197375 |0.19315339614833488 |73        
 [13, 5, 0, 0, 0]    |0.21890831135800157 |0.1642111291197244  |115       
 [18, 2, 11, 0, 0]   |0.26350553971044754 |0.18708712011439388 |137       
 [18, 12, 14, 0, 0]  |0.4878541730012008  |0.1473066598648974  |479       
 [16, 17, 10, 0, 0]  |0.510783636589918   |0.1364483409996629  |528       
 [7, 2, 0, 0, 0]     |0.22224409736048847 |0.20109477522939678 |40        
 [18, 2, 12, 0, 0]   |0.22945939701363194 |0.16129356577242207 |141       
 [2, 2, 4, 1, 0]     |2.6317383081594374  |2.4354817515106273  |31        
 [18, 2, 9, 0, 0]    |0.309413376296253   |0.2241192262330703  |129       
 [18, 2, 15, 0, 0]   |0.21683676673909308 |0.1479160441378257  |153       
 [18, 11, 4, 0, 0]   |0.4266957892609086  |0.1936536631249603  |316       
 [18, 2, 1, 0, 0]    |0.2073858703766439  |0.16272817424461258 |97        
 [17, 6, 13, 0, 0]   |0.2077582049527491  |0.10738010548142832 |264       
 [17, 6, 0, 0, 0]    |0.21532462975408026 |0.14218752645450586 |166       
 [14, 17, 10, 0, 0]  |0.5493926756891884  |0.1621972913505499  |488       
 [16, 17, 3, 0, 0]   |0.3177228449878974  |0.11835391865136669 |395       
 [18, 2, 20, 0, 0]   |0.22116811659205554 |0.1435126408528596  |173       
 [18, 2, 3, 0, 0]    |0.15609601231234005 |0.12005755844222173 |105       
Gen 5 Train time: 23.07991364399592 minutes:
 Average MSE:        0.17756137860993612
 Average Error:      0.27403747816404905
 Structure           |Error               |MSE                 |weights&biases
 [18, 2, 3, 0, 0]    |0.15312382566098612 |0.11777157132884108 |105       
 [18, 2, 0, 0, 0]    |0.19263624150190894 |0.15191234113868524 |95        
 [18, 6, 0, 0, 0]    |0.14602311221334127 |0.09427960722495851 |175       
 [13, 5, 0, 0, 0]    |0.19043787369046117 |0.1428544127533284  |115       
 [17, 6, 16, 0, 0]   |0.36618314819661696 |0.17824047347922795 |288       
 [17, 6, 13, 0, 0]   |0.31658497304391586 |0.16362736579776654 |264       
 [13, 3, 20, 0, 0]   |0.23741517215060573 |0.15062757353103057 |182       
 [14, 6, 0, 0, 0]    |0.3789746499848451  |0.2677274047100452  |139       
 [17, 2, 0, 0, 0]    |0.23432259107400036 |0.18711038939431052 |90        
 [18, 2, 20, 18, 0]  |0.5706616624336736  |0.1446470300004768  |549       
 [7, 2, 0, 0, 0]     |0.3553376657950243  |0.3215228160488945  |40        
 [18, 2, 5, 0, 0]    |0.17906282252204236 |0.1349948605991256  |113       
 [18, 2, 1, 0, 0]    |0.39202048889382357 |0.30760426594307055 |97        
 [8, 11, 0, 0, 0]    |0.3663039651575275  |0.26137691768097565 |135       
 [18, 2, 3, 4, 0]    |0.35988074231452893 |0.2652765071534494  |122       
 [12, 9, 4, 0, 0]    |0.2724163239630515  |0.16605706576048263 |198       
 [18, 2, 9, 0, 0]    |0.19357909018124386 |0.14021629066476626 |129       
 [17, 1, 13, 0, 0]   |0.18411947679219212 |0.14020208937089515 |109       
 [18, 1, 12, 0, 0]   |0.19289747614756095 |0.14651954552214058 |110       
 [18, 4, 1, 0, 0]    |0.22679315859615964 |0.16102158212698942 |137       
 [18, 2, 15, 8, 0]   |0.3565046129794212  |0.17971049220128074 |274       
 [18, 2, 4, 1, 0]    |0.2603454578580779  |0.19725739177443904 |111       
 [18, 2, 1, 8, 0]    |0.19060089661669125 |0.14120061709191725 |120       
 [18, 2, 3, 10, 0]   |0.2584823624151577  |0.17676611261776864 |152       
 [18, 2, 20, 0, 0]   |0.2051645066984     |0.13312814079739385 |173       
 [18, 9, 11, 0, 0]   |0.345102135384019   |0.14494297914607845 |347       
Gen 6 Train time: 23.38708040714264 minutes:
 Average MSE:        0.25957750498113646
 Average Error:      0.47389112332713723
 Structure           |Error               |MSE                 |weights&biases
 [18, 6, 0, 0, 0]    |0.33194490445500197 |0.21431973841661942 |175       
 [18, 2, 3, 0, 0]    |0.15581194805550214 |0.11983907713311293 |105       
 [18, 2, 1, 0, 0]    |0.22773831428156618 |0.1786979991514346  |97        
 [18, 10, 13, 0, 0]  |0.7609548726538693  |0.2792406782581825  |401       
 [18, 2, 20, 0, 0]   |0.3211891798695199  |0.20841479380800892 |173       
 [1, 6, 16, 8, 0]    |5.208460520290626   |2.638694603644551   |272       
 [13, 3, 20, 0, 0]   |0.22255342736458736 |0.14119856975137604 |182       
 [18, 2, 5, 0, 0]    |0.21722876059497828 |0.1637680331495394  |113       
 [18, 12, 20, 0, 0]  |0.5550876917631593  |0.13586015768993434 |563       
 [18, 2, 5, 14, 0]   |0.23816439667051728 |0.14230336862752785 |206       
 [18, 2, 14, 0, 0]   |0.17468214392984857 |0.12035768312248855 |149       
 [18, 6, 20, 0, 0]   |0.3628963235094267  |0.15943194966295407 |329       
 [17, 2, 0, 0, 0]    |0.3716023603900141  |0.29673051170069337 |90        
 [18, 6, 7, 0, 0]    |0.2377240604438044  |0.13545108666617556 |225       
 [18, 2, 14, 0, 0]   |0.2139391723704069  |0.14740615460951548 |149       
 [18, 6, 9, 14, 0]   |0.36110168643249846 |0.1375736759283241  |386       
 [18, 2, 5, 1, 0]    |0.2110214478314853  |0.15829490439135221 |115       
 [18, 2, 4, 0, 0]    |0.2047080532791026  |0.1558797433102189  |109       
 [13, 5, 15, 0, 0]   |0.25277548014969003 |0.14767319118379038 |215       
 [13, 5, 0, 0, 0]    |0.22224144349113512 |0.16671143341466724 |115       
 [17, 6, 13, 0, 0]   |0.2451350232704852  |0.126698363908004   |264       
 [18, 2, 5, 2, 6]    |0.24182722932408157 |0.16871713289876195 |144       
 [18, 6, 19, 0, 0]   |0.3014611131985566  |0.13511699463584687 |321       
 [18, 2, 0, 0, 0]    |0.2209207897761228  |0.17421744797053446 |95        
 [17, 1, 13, 0, 0]   |0.19464800741991697 |0.14821928569216497 |109       
 [18, 6, 8, 0, 0]    |0.26535085568966343 |0.1481985507837686  |233       
Result:  [18, 2, 3]
Fold 0
Fold 0 Train time: 19.25055890083313 minutes, MSE: 0.006902387933017094
Fold 1
Fold 1 Train time: 19.387863953908283 minutes, MSE: 0.0065037866572133125
Fold 2
Fold 2 Train time: 19.26963842709859 minutes, MSE: 0.018345470411592735
Fold 3
Fold 3 Train time: 19.20481790304184 minutes, MSE: 0.029225787608493307
Fold 4
Fold 4 Train time: 19.175406336784363 minutes, MSE: 0.007591837251790613
Total Time: 236.56061368385951 minutes
CellsPerSensor: 8
 Resulting Network Architecture: [18, 2, 3]
 MSE after 5-Fold CV: 0.013713853972421414
 Weights and Biases: 105
 Objective Function Value: 0.017830430222841306
~/workspace/SolarCellResearch
