/tmp/tmp.PmD5OBFKxy ~/workspace/SolarCellResearch
Using TensorFlow backend.
Genetically searching for best layer structure...
  Training on:     datasets/N7dataset10k.mat
  Evaluating with: datasets/N7dataset100k.mat
Gen 0 Train time: 16.648831450939177 minutes:
 Average MSE:        1.2114354635577476
 Average Error:      1.610655139126132
 Structure           |Error               |MSE                 |weights&biases
 [1, 7, 12, 5, 11]   |4.548543368826398   |2.398412458813406   |256       
 [1, 2, 3, 0, 0]     |2.6937052359992255  |2.5623316814141033  |20        
 [1, 0, 0, 0, 0]     |3.5892008958671795  |3.544615126271178   |5         
 [6, 12, 0, 0, 0]    |0.6183563256323559  |0.4638516911509747  |115       
 [7, 14, 0, 0, 0]    |0.6421162737867206  |0.4435317545654228  |148       
 [11, 4, 9, 0, 0]    |0.3530587656157683  |0.251296751556504   |136       
 [3, 20, 2, 0, 0]    |2.273616944744458   |1.6264047943522546  |134       
 [10, 3, 17, 0, 0]   |0.21750940487679388 |0.14986607926472179 |149       
 [2, 10, 0, 0, 0]    |3.372981134699248   |2.9990541722176043  |47        
 [3, 0, 0, 0, 0]     |3.075899408448686   |2.9775396808011623  |13        
 [20, 13, 0, 0, 0]   |0.4328616001383933  |0.1818019752679359  |347       
 [13, 0, 0, 0, 0]    |0.23959947923886118 |0.20986588687563681 |53        
 [9, 1, 13, 0, 0]    |0.5216193298974506  |0.430280821497578   |77        
 [12, 7, 16, 16, 0]  |0.6337141804516718  |0.162649573921212   |544       
 [3, 12, 20, 0, 0]   |4.244351714543379   |1.8231925098164754  |338       
 [18, 10, 7, 0, 0]   |0.3901688613402118  |0.17141364690521282 |329       
 [15, 1, 8, 6, 0]    |0.3137379560810894  |0.22219560615201422 |138       
 [6, 16, 7, 19, 0]   |0.6085452888165648  |0.21242125110297322 |421       
 [13, 15, 11, 7, 0]  |0.5850912104123708  |0.16065637226867177 |517       
 [6, 17, 2, 6, 0]    |1.4438389042724973  |0.8801221908670952  |198       
 [9, 16, 9, 11, 3]   |0.9083498660443244  |0.26683476773836984 |490       
 [3, 0, 0, 0, 0]     |3.6615003728781934  |3.544414561011789   |13        
 [17, 3, 10, 3, 18]  |0.33588396858435365 |0.17144555775708661 |269       
 [1, 0, 0, 0, 0]     |3.590575031297568   |3.5459721919171017  |5         
 [4, 4, 0, 0, 0]     |0.9715529556595309  |0.885715485437202   |37        
Gen 1 Train time: 17.58742583990097 minutes:
 Average MSE:        0.4536870309924805
 Average Error:      0.7891298839650757
 Structure           |Error               |MSE                 |weights&biases
 [10, 3, 17, 0, 0]   |2.2659606795609197  |1.5612687782681283  |149       
 [13, 0, 0, 0, 0]    |0.3714867876148114  |0.32538636725350123 |53        
 [6, 16, 0, 0, 0]    |1.7276162380147293  |1.1963108876243125  |147       
 [6, 12, 7, 19, 0]   |2.4578381109289147  |0.9868691190667166  |365       
 [15, 15, 11, 7, 0]  |0.6887556229308451  |0.17284349370813037 |553       
 [13, 15, 11, 7, 0]  |0.8418336955182442  |0.2311536136052526  |517       
 [4, 0, 0, 0, 0]     |1.1107965328400158  |1.0645768062075966  |17        
 [6, 12, 0, 0, 0]    |0.2448329197221853  |0.18365812583291546 |115       
 [10, 0, 0, 0, 0]    |0.4178357936655291  |0.3771294575471784  |41        
 [13, 3, 17, 0, 0]   |0.2716424138277483  |0.17892854681340103 |167       
 [8, 7, 0, 0, 0]     |0.4580783433410393  |0.36123915738450574 |95        
 [10, 14, 17, 0, 0]  |0.6286922802486563  |0.20056570853078756 |457       
 [10, 3, 17, 12, 0]  |0.9254383685713254  |0.3762551626209389  |360       
 [1, 3, 17, 0, 0]    |2.3166839749138535  |1.8269297800027473  |95        
 [13, 16, 9, 11, 3]  |0.7950420688467865  |0.19313608229216292 |566       
 [9, 0, 0, 0, 0]     |0.2726903047284122  |0.24859790114331562 |37        
 [13, 15, 17, 0, 0]  |0.84829551778664    |0.22046281981273327 |539       
 [10, 3, 11, 7, 0]   |0.28356050885633727 |0.17241865077245816 |199       
 [18, 10, 7, 0, 0]   |0.4074484383379156  |0.17900511717268025 |329       
 [20, 13, 0, 0, 0]   |0.4000693335373222  |0.16802921547662747 |347       
 [15, 1, 8, 6, 0]    |0.2413137651151004  |0.17090332002646205 |138       
 [9, 1, 13, 0, 0]    |0.3844702432742621  |0.317147319195296   |77        
 [17, 3, 10, 0, 0]   |0.2919285782854236  |0.19765225079062168 |156       
 [9, 13, 3, 18, 0]   |0.7718426221581415  |0.37382234527811864 |290       
 [10, 3, 17, 3, 0]   |0.3921201235162803  |0.2444640419449513  |189       
 [10, 11, 18, 0, 0]  |0.7011037169505221  |0.26710873743295255 |386       
Increasing Epochs
Gen 2 Train time: 20.268662611643474 minutes:
 Average MSE:        0.2690715726083254
 Average Error:      0.6240937167798178
 Structure           |Error               |MSE                 |weights&biases
 [15, 1, 8, 6, 0]    |0.380549749329578   |0.2695130779822764  |138       
 [6, 12, 0, 0, 0]    |0.24745677028552845 |0.18562637208622182 |115       
 [9, 11, 7, 0, 0]    |0.5405030637907066  |0.30490501610572357 |229       
 [15, 15, 0, 0, 0]   |0.34918529033961543 |0.16453160825494564 |301       
 [13, 3, 17, 0, 0]   |0.27960977095833683 |0.18417657716783448 |167       
 [13, 3, 17, 0, 0]   |0.26308247687436054 |0.17329018917144892 |167       
 [18, 10, 7, 0, 0]   |0.3046304589472754  |0.13383389373307608 |329       
 [10, 0, 0, 0, 0]    |0.45322377062785746 |0.40906987231733594 |41        
 [18, 3, 17, 0, 0]   |0.27636174078046094 |0.16888375914517534 |197       
 [13, 6, 0, 0, 0]    |0.25054343032869114 |0.18102448168779608 |130       
 [9, 0, 0, 0, 0]     |0.5276436885418628  |0.48102595232956746 |37        
 [6, 12, 18, 0, 0]   |0.726399282558643   |0.29904672725327475 |355       
 [10, 14, 3, 18, 0]  |0.7225130816106159  |0.32464605452123957 |320       
 [9, 13, 17, 0, 0]   |0.7298991565239237  |0.2599284453255645  |413       
 [9, 13, 0, 0, 0]    |0.4444889679340353  |0.28986788076444703 |171       
 [13, 0, 0, 0, 0]    |0.3341500223246828  |0.29268298498584294 |53        
 [15, 1, 8, 10, 0]   |0.3068321017983421  |0.1966254594983973  |178       
 [6, 12, 19, 0, 0]   |0.6278228346963152  |0.24957463689082923 |369       
 [15, 1, 10, 0, 0]   |0.20883250969287867 |0.16592444624609531 |92        
 [17, 3, 6, 6, 0]    |0.30676470622920415 |0.1965822707815967  |178       
 [17, 3, 17, 0, 0]   |0.2016486731644343  |0.12508918231153027 |191       
 [13, 3, 10, 0, 0]   |0.35431371278630275 |0.25472453720245597 |132       
 [8, 7, 0, 0, 0]     |0.2993587570688644  |0.23607338511246584 |95        
 [9, 13, 9, 18, 14]  |6.366100665151211   |0.9910276357315462  |744       
 [15, 1, 13, 13, 0]  |0.3344315561663482  |0.16483290161723566 |283       
 [9, 1, 8, 6, 0]     |0.3900903977651868  |0.2933535395925383  |114       
Gen 3 Train time: 19.989111975828806 minutes:
 Average MSE:        0.19228597572138564
 Average Error:      0.29185614101730895
 Structure           |Error               |MSE                 |weights&biases
 [17, 3, 17, 0, 0]   |0.3010835669382541  |0.1867718572342571  |191       
 [15, 1, 10, 0, 0]   |0.23589222017733405 |0.1874242955000069  |92        
 [10, 3, 17, 0, 0]   |0.20883229713504312 |0.1438874682830479  |149       
 [13, 0, 0, 0, 0]    |0.38844826658151305 |0.34024297644721585 |53        
 [10, 9, 0, 0, 0]    |0.24415047820389565 |0.17248059702900806 |139       
 [13, 3, 10, 0, 0]   |0.24498197926783533 |0.17612335915877492 |132       
 [10, 0, 0, 0, 0]    |0.33214626487814064 |0.29978796120105733 |41        
 [18, 3, 17, 0, 0]   |0.21108732107848674 |0.1289947739905823  |197       
 [13, 3, 17, 10, 0]  |0.49464051142950966 |0.21141674053172724 |340       
 [15, 1, 8, 0, 0]    |0.31480722303390185 |0.2539050710439882  |86        
 [16, 1, 8, 6, 0]    |0.23911899577908335 |0.16766388960699596 |142       
 [13, 10, 0, 0, 0]   |0.24210812719095737 |0.15056342634878878 |190       
 [17, 3, 10, 0, 0]   |0.2543794420508623  |0.17222934997154385 |156       
 [15, 1, 17, 0, 0]   |0.22954569258515642 |0.173053726816176   |113       
 [13, 3, 0, 0, 0]    |0.2665406650143148  |0.21551420441650465 |85        
 [9, 17, 0, 0, 0]    |0.3592749968786322  |0.20989094856113164 |215       
 [8, 7, 0, 0, 0]     |0.27282099370845314 |0.215145787432854   |95        
 [13, 14, 0, 0, 0]   |0.32533318279232176 |0.17413830416604792 |250       
 [15, 15, 0, 0, 0]   |0.40239592680747116 |0.189603774341354   |301       
 [17, 3, 3, 17, 0]   |0.27767419507259317 |0.16715950331121632 |203       
 [13, 3, 17, 0, 0]   |0.22120194928982595 |0.14570384197740902 |167       
 [13, 6, 0, 0, 0]    |0.31972397872288    |0.23100932024255666 |130       
 [13, 3, 17, 2, 0]   |0.36189946633163245 |0.22618798734756917 |188       
 [17, 3, 10, 17, 0]  |0.37341329460223205 |0.1556618201626923  |350       
 [15, 1, 8, 10, 0]   |0.27133664650217043 |0.17387911005579057 |178       
 [9, 12, 0, 0, 0]    |0.19542198439753133 |0.1309952735777292  |160       
Gen 4 Train time: 20.46819988489151 minutes:
 Average MSE:        0.2064127760653688
 Average Error:      0.48420243773671123
 Structure           |Error               |MSE                 |weights&biases
 [9, 12, 0, 0, 0]    |0.3796694661138949  |0.2545000540037926  |160       
 [10, 3, 17, 0, 0]   |0.3253520442043736  |0.2241706986108997  |149       
 [10, 11, 17, 0, 0]  |0.4951678718861801  |0.19488250533052268 |373       
 [13, 3, 17, 0, 0]   |0.2995347641372625  |0.19730100064992295 |167       
 [13, 17, 0, 0, 0]   |0.6078156910043292  |0.29072322455813604 |295       
 [9, 3, 17, 0, 0]    |0.33838031448543154 |0.23667087282649    |143       
 [16, 1, 8, 0, 0]    |0.2170155388716972  |0.17329042751185625 |90        
 [13, 14, 5, 6, 0]   |0.5943047735895294  |0.24589196544896944 |353       
 [13, 20, 17, 19, 0] |2.9559153227935044  |0.22064688887176914 |1038      
 [15, 3, 18, 18, 0]  |0.6040272960244626  |0.16216581951819364 |526       
 [17, 3, 10, 0, 0]   |0.21129158361742045 |0.1430564192117783  |156       
 [17, 3, 10, 0, 0]   |0.2492421608178229  |0.1687511183964841  |156       
 [13, 17, 12, 0, 0]  |0.5207263502464197  |0.1469694385753731  |506       
 [15, 7, 0, 0, 0]    |0.29921026672782886 |0.19807516095387248 |165       
 [15, 1, 17, 0, 0]   |0.24052131817460215 |0.18132821409146194 |113       
 [15, 1, 17, 0, 0]   |0.2604553051293957  |0.1963563799175417  |113       
 [17, 17, 10, 0, 0]  |1.1199521141193793  |0.2845876265636063  |548       
 [15, 1, 4, 0, 0]    |0.1953179454136464  |0.16232958114647716 |74        
 [15, 1, 8, 6, 9]    |0.3250929044763156  |0.1952168518412658  |204       
 [16, 1, 17, 0, 0]   |0.21807209244069342 |0.16276797287275882 |117       
 [13, 3, 10, 0, 0]   |0.1902765010811765  |0.13679429254164335 |132       
 [13, 9, 3, 0, 0]    |0.2634529188476837  |0.16019225312082222 |199       
 [8, 7, 0, 0, 0]     |0.393930998032819   |0.31065276030975364 |95        
 [15, 12, 17, 0, 0]  |0.5564174809525434  |0.169274029404194   |476       
 [13, 6, 0, 0, 0]    |0.38466244274028893 |0.27792913679863607 |130       
 [4, 4, 10, 0, 0]    |0.3434579152257893  |0.27220748462336625 |93        
Gen 5 Train time: 20.66073771715164 minutes:
 Average MSE:        0.30146244452516424
 Average Error:      0.5415167699812732
 Structure           |Error               |MSE                 |weights&biases
 [13, 3, 10, 0, 0]   |0.21559660879626713 |0.15499751891107483 |132       
 [15, 1, 4, 0, 0]    |0.23698379308217246 |0.1969582456341193  |74        
 [15, 16, 4, 0, 0]   |0.3568851783866133  |0.14010807665227892 |374       
 [13, 6, 12, 0, 0]   |0.267180460448702   |0.15414971599324973 |220       
 [1, 7, 19, 0, 0]    |3.848587481332209   |2.399369976292862   |189       
 [8, 4, 17, 0, 0]    |0.28442321647119734 |0.18923002296174793 |163       
 [10, 11, 17, 0, 0]  |0.43100401199007293 |0.16962962751234245 |373       
 [9, 12, 0, 0, 0]    |0.45510215649248    |0.3050640984909579  |160       
 [15, 1, 10, 3, 0]   |0.27716564035001773 |0.206358574200804   |118       
 [17, 3, 17, 0, 0]   |0.3452252779538417  |0.21415438571868256 |191       
 [15, 12, 17, 0, 0]  |0.6020624596110997  |0.18316020250999773 |476       
 [15, 12, 17, 0, 0]  |0.5596161544984313  |0.17024713391366073 |476       
 [13, 3, 17, 6, 0]   |1.880127120161538   |0.9717462110695262  |264       
 [8, 7, 20, 0, 0]    |0.6173202008983443  |0.3158880420405944  |268       
 [16, 1, 8, 0, 0]    |0.18686749967618219 |0.1492167292504441  |90        
 [10, 11, 17, 3, 4]  |0.483394735438703   |0.16498153812954705 |430       
 [16, 1, 17, 0, 0]   |0.1976327574291224  |0.14751215040842677 |117       
 [19, 3, 17, 0, 0]   |0.2501901365595038  |0.1506141359290462  |203       
 [10, 3, 17, 0, 0]   |0.22148823536156245 |0.15260753187064005 |149       
 [15, 7, 0, 0, 0]    |0.24075383594005811 |0.15937740146953966 |165       
 [17, 3, 10, 0, 0]   |0.24404956052464752 |0.1652354326714685  |156       
 [13, 3, 10, 1, 0]   |0.37475495865679803 |0.2680764949766866  |134       
 [13, 11, 17, 0, 0]  |0.495237018903295   |0.175482000086343   |415       
 [10, 3, 10, 0, 0]   |0.24346678382443138 |0.1830904918892681  |114       
 [17, 3, 18, 14, 0]  |0.5006873523179903  |0.15933069084274273 |458       
 [10, 3, 10, 2, 0]   |0.26363338440782325 |0.19143712822821904 |128       
Gen 6 Train time: 20.642834917704263 minutes:
 Average MSE:        0.2389983153824324
 Average Error:      0.4367043717483157
 Structure           |Error               |MSE                 |weights&biases
 [16, 1, 8, 0, 0]    |0.23127614642207256 |0.1846777539301934  |90        
 [16, 1, 17, 0, 0]   |0.2406554279263243  |0.17962406709628378 |117       
 [10, 11, 17, 0, 0]  |0.7081199991174228  |0.2786937669784274  |373       
 [17, 3, 10, 0, 0]   |0.28393788257183755 |0.19224209532571523 |156       
 [17, 3, 10, 13, 0]  |0.3090014006238899  |0.14523393825983175 |302       
 [13, 3, 10, 0, 0]   |0.26632203018806455 |0.19146522823797352 |132       
 [10, 3, 17, 10, 0]  |0.4126998505210156  |0.1845131204607972  |322       
 [10, 11, 17, 13, 0] |1.1859628658960306  |0.2626468275468129  |603       
 [20, 3, 18, 14, 0]  |0.4833081380920706  |0.1470326127040949  |476       
 [11, 3, 10, 0, 0]   |0.2653231173270762  |0.19655619968397126 |120       
 [15, 7, 12, 0, 0]   |0.3072390952708346  |0.15800493337432608 |266       
 [13, 11, 9, 0, 0]   |0.3165047161876273  |0.14545083744514953 |311       
 [15, 1, 10, 3, 0]   |0.2769011772673387  |0.20616167308203087 |118       
 [8, 4, 17, 0, 0]    |1.2421350770911161  |0.8264066909718923  |163       
 [17, 3, 17, 0, 0]   |0.239341622455197   |0.14847133569592993 |191       
 [6, 4, 17, 0, 0]    |0.28851577097877257 |0.19879015083103746 |149       
 [10, 3, 17, 0, 0]   |0.28761098206487495 |0.19816674253673944 |149       
 [10, 3, 10, 2, 0]   |0.27121866759681384 |0.19694517431183584 |128       
 [15, 7, 0, 0, 0]    |0.4015856238151906  |0.2658469508545007  |165       
 [16, 3, 17, 0, 0]   |0.3037115732460549  |0.1912494274200457  |185       
 [10, 3, 10, 0, 0]   |1.2104336305566574  |0.9102633440861678  |114       
 [15, 12, 17, 0, 0]  |0.5153587182720587  |0.15678308072052213 |476       
 [10, 3, 4, 0, 0]    |0.2072267110202879  |0.16797470729726194 |84        
 [15, 16, 17, 0, 0]  |0.6569093844835927  |0.14367389103702452 |608       
 [16, 1, 10, 0, 0]   |0.2126197958609101  |0.16725265523847493 |96        
 [13, 3, 8, 0, 0]    |0.23039426060307625 |0.16982899481620362 |122       
Increasing Epochs
Gen 7 Train time: 23.248982155323027 minutes:
 Average MSE:        0.25996127102685873
 Average Error:      0.4571928202080158
 Structure           |Error               |MSE                 |weights&biases
 [10, 3, 4, 0, 0]    |0.2180878563244389  |0.1767785805739998  |84        
 [16, 1, 10, 0, 0]   |0.26780812192478465 |0.2106653301259441  |96        
 [15, 3, 17, 0, 0]   |0.26862541243037297 |0.17171186872572677 |179       
 [6, 1, 10, 3, 0]    |0.4324109476893523  |0.3522624181220474  |82        
 [17, 3, 10, 13, 0]  |0.373204716627432   |0.17541017828239552 |302       
 [11, 3, 10, 0, 0]   |0.22971058981996512 |0.17017379042217448 |120       
 [17, 3, 12, 0, 0]   |0.2805535315128813  |0.18526079775199028 |166       
 [17, 3, 8, 0, 0]    |0.2340540370699243  |0.16247952865841175 |146       
 [17, 3, 17, 14, 0]  |0.44868611432921574 |0.14935463311704644 |440       
 [20, 3, 18, 0, 0]   |0.21065630564387625 |0.12337492899097371 |214       
 [15, 7, 15, 0, 0]   |0.30222418984930816 |0.14528089748601777 |293       
 [6, 4, 17, 0, 0]    |0.6257840021191936  |0.4311712172506418  |149       
 [16, 1, 8, 0, 0]    |0.17585539956429067 |0.14042338870849677 |90        
 [11, 12, 10, 13, 0] |0.7038714961401642  |0.22065398715710555 |464       
 [17, 3, 3, 0, 0]    |0.19581189079459488 |0.14469881692360725 |121       
 [16, 1, 10, 1, 0]   |0.26544224510051473 |0.20776284988128318 |98        
 [13, 7, 19, 0, 0]   |0.269974749859508   |0.12468972301117887 |309       
 [15, 3, 8, 0, 0]    |0.26321153599508756 |0.1882852364646439  |134       
 [6, 7, 4, 0, 0]     |0.6060894743547728  |0.46732625034009745 |104       
 [15, 4, 17, 0, 0]   |0.3503093289078911  |0.2061938119198742  |212       
 [8, 3, 4, 0, 0]     |0.3122030475814499  |0.26077390555660107 |72        
 [10, 3, 18, 14, 0]  |0.8430732973582608  |0.2979882041857041  |416       
 [17, 3, 2, 13, 0]   |0.2468373885974295  |0.16299667047491154 |166       
 [17, 3, 10, 13, 1]  |3.2348472737031453  |1.512829466415496   |304       
 [10, 3, 17, 0, 0]   |0.2667572719071526  |0.1837983349672781  |149       
 [16, 1, 10, 4, 0]   |0.2609231002034018  |0.18664823118467871 |134       
Gen 8 Train time: 23.04809720913569 minutes:
 Average MSE:        0.21621985349400782
 Average Error:      0.3405162212086988
 Structure           |Error               |MSE                 |weights&biases
 [16, 1, 8, 0, 0]    |0.18891127884389075 |0.15084872006342193 |90        
 [17, 3, 3, 0, 0]    |0.26393585903651645 |0.19504028274954038 |121       
 [16, 1, 4, 0, 0]    |0.2567536663275641  |0.21126581523727025 |78        
 [6, 7, 8, 0, 0]     |0.32082051771658077 |0.22607839777226593 |140       
 [15, 3, 10, 1, 5]   |0.28233328751307735 |0.1892536622831594  |160       
 [5, 2, 17, 2, 0]    |1.4101801834692862  |1.0525517835853024  |117       
 [15, 7, 15, 0, 0]   |0.3388858476167448  |0.16290436616479606 |293       
 [16, 1, 10, 1, 0]   |0.24480249254891148 |0.19160802189095413 |98        
 [11, 3, 10, 0, 0]   |0.24202088919878656 |0.17929348450405225 |120       
 [10, 3, 4, 0, 0]    |0.21302654059166265 |0.17267595777713032 |84        
 [13, 7, 19, 0, 0]   |0.4232853495549645  |0.19549729379567665 |309       
 [17, 3, 8, 0, 0]    |0.2072283029659818  |0.14385719388611168 |146       
 [16, 3, 4, 0, 0]    |0.2247569409411502  |0.16650403707388883 |120       
 [10, 1, 10, 1, 0]   |0.29305286047585943 |0.24355748773660607 |74        
 [20, 3, 18, 0, 0]   |0.29901662732877415 |0.17512485586913348 |214       
 [17, 3, 13, 0, 0]   |0.2394825618769941  |0.15617553572584258 |171       
 [13, 7, 15, 0, 0]   |0.3520713622340064  |0.17791997822393357 |273       
 [15, 7, 19, 0, 0]   |0.3128356979332092  |0.13743871738167918 |329       
 [16, 1, 4, 12, 0]   |0.2656072963060836  |0.18438369554443818 |146       
 [8, 3, 18, 1, 0]    |0.3779116177549934  |0.26365998905486365 |144       
 [17, 3, 8, 13, 17]  |0.5864091153139666  |0.16386086686604054 |510       
 [17, 3, 10, 0, 0]   |0.2315402864382881  |0.15676594265631713 |156       
 [20, 3, 8, 0, 0]    |0.2033542893995857  |0.1349561250263285  |164       
 [15, 7, 18, 0, 0]   |0.520737257945503   |0.23398233268989524 |320       
 [16, 3, 10, 0, 0]   |0.28088727019327275 |0.1930508093526994  |150       
 [15, 3, 8, 8, 0]    |0.2735743519005134  |0.1634608379328557  |206       
Result:  [16, 1, 8]
Fold 0
Fold 0 Train time: 18.615744932492575 minutes, MSE: 0.026556535857978507
Fold 1
Fold 1 Train time: 18.54596471786499 minutes, MSE: 0.1465480537356467
Fold 2
Fold 2 Train time: 18.548418748378754 minutes, MSE: 0.01955574745023799
Fold 3
Fold 3 Train time: 18.274120485782625 minutes, MSE: 0.010654510047465822
Fold 4
Fold 4 Train time: 17.8095916390419 minutes, MSE: 0.04237410199494102
Total Time: 274.3625202377637 minutes
CellsPerSensor: 7
 Resulting Network Architecture: [16, 1, 8]
 MSE after 5-Fold CV: 0.04913778981725401
 Weights and Biases: 90
 Objective Function Value: 0.061536370411608476
~/workspace/SolarCellResearch
